E:\Adam\Characterizing\default\dut_mb_v4lx60_template\hw\implementation\system.ngc 1422393651
E:/Adam/Characterizing/default/dut_mb_v4lx60_template/hw/implementation/system_dut_control_core_0_wrapper.ngc 1422393062
E:/Adam/Characterizing/default/dut_mb_v4lx60_template/hw/implementation/system_microblaze_0_wrapper.ngc 1422393492
E:/Adam/Characterizing/default/dut_mb_v4lx60_template/hw/implementation/system_mb_plb_wrapper.ngc 1422393388
E:/Adam/Characterizing/default/dut_mb_v4lx60_template/hw/implementation/system_ilmb_wrapper.ngc 1422393497
E:/Adam/Characterizing/default/dut_mb_v4lx60_template/hw/implementation/system_dlmb_wrapper.ngc 1422393502
E:/Adam/Characterizing/default/dut_mb_v4lx60_template/hw/implementation/system_dlmb_cntlr_wrapper.ngc 1422393409
E:/Adam/Characterizing/default/dut_mb_v4lx60_template/hw/implementation/system_ilmb_cntlr_wrapper.ngc 1422393416
E:/Adam/Characterizing/default/dut_mb_v4lx60_template/hw/implementation/system_lmb_bram_wrapper.ngc 1422393430
E:/Adam/Characterizing/default/dut_mb_v4lx60_template/hw/implementation/system_rs232_uart_1_wrapper.ngc 1422393453
E:/Adam/Characterizing/default/dut_mb_v4lx60_template/hw/implementation/system_orgate_1_wrapper.ngc 1422393460
E:/Adam/Characterizing/default/dut_mb_v4lx60_template/hw/implementation/system_clock_generator_0_wrapper.ngc 1422393507
E:/Adam/Characterizing/default/dut_mb_v4lx60_template/hw/implementation/system_mdm_0_wrapper.ngc 1422393479
E:/Adam/Characterizing/default/dut_mb_v4lx60_template/hw/implementation/system_proc_sys_reset_0_wrapper.ngc 1422393486
OK
