E:\Adam\Characterizing\characterizer_planahead\dut_mb_v4lx60_template_pre_rapidsmith\hw\implementation\system.ngc 1430257841
E:/Adam/Characterizing/characterizer_planahead/dut_mb_v4lx60_template_pre_rapidsmith/hw/implementation/system_dut_control_core_0_wrapper.ngc 1430257171
E:/Adam/Characterizing/characterizer_planahead/dut_mb_v4lx60_template_pre_rapidsmith/hw/implementation/system_microblaze_0_wrapper.ngc 1430257671
E:/Adam/Characterizing/characterizer_planahead/dut_mb_v4lx60_template_pre_rapidsmith/hw/implementation/system_mb_plb_wrapper.ngc 1430257516
E:/Adam/Characterizing/characterizer_planahead/dut_mb_v4lx60_template_pre_rapidsmith/hw/implementation/system_ilmb_wrapper.ngc 1430257675
E:/Adam/Characterizing/characterizer_planahead/dut_mb_v4lx60_template_pre_rapidsmith/hw/implementation/system_dlmb_wrapper.ngc 1430257680
E:/Adam/Characterizing/characterizer_planahead/dut_mb_v4lx60_template_pre_rapidsmith/hw/implementation/system_dlmb_cntlr_wrapper.ngc 1430257535
E:/Adam/Characterizing/characterizer_planahead/dut_mb_v4lx60_template_pre_rapidsmith/hw/implementation/system_ilmb_cntlr_wrapper.ngc 1430257542
E:/Adam/Characterizing/characterizer_planahead/dut_mb_v4lx60_template_pre_rapidsmith/hw/implementation/system_lmb_bram_wrapper.ngc 1430257555
E:/Adam/Characterizing/characterizer_planahead/dut_mb_v4lx60_template_pre_rapidsmith/hw/implementation/system_rs232_uart_1_wrapper.ngc 1430257577
E:/Adam/Characterizing/characterizer_planahead/dut_mb_v4lx60_template_pre_rapidsmith/hw/implementation/system_orgate_1_wrapper.ngc 1430257583
E:/Adam/Characterizing/characterizer_planahead/dut_mb_v4lx60_template_pre_rapidsmith/hw/implementation/system_clock_generator_0_wrapper.ngc 1430257685
E:/Adam/Characterizing/characterizer_planahead/dut_mb_v4lx60_template_pre_rapidsmith/hw/implementation/system_mdm_0_wrapper.ngc 1430257601
E:/Adam/Characterizing/characterizer_planahead/dut_mb_v4lx60_template_pre_rapidsmith/hw/implementation/system_proc_sys_reset_0_wrapper.ngc 1430257608
E:/Adam/Characterizing/characterizer_planahead/dut_mb_v4lx60_template_pre_rapidsmith/hw/implementation/system_xps_timer_0_wrapper.ngc 1430257631
E:/Adam/Characterizing/characterizer_planahead/dut_mb_v4lx60_template_pre_rapidsmith/hw/implementation/system_xps_intc_0_wrapper.ngc 1430257690
E:/Adam/Characterizing/characterizer_planahead/dut_mb_v4lx60_template_pre_rapidsmith/hw/implementation/system_ring_osc_0_wrapper.ngc 1430257665
OK
