/home/adam/Desktop/characterizer_planahead/dut_mb_v4lx60_template_pre_rapidsmith/hw/implementation/system.ngc 1523953507
/home/adam/Desktop/characterizer_planahead/dut_mb_v4lx60_template_pre_rapidsmith/hw/implementation/system_dut_control_core_0_wrapper.ngc 1523952809
/home/adam/Desktop/characterizer_planahead/dut_mb_v4lx60_template_pre_rapidsmith/hw/implementation/system_microblaze_0_wrapper.ngc 1523953397
/home/adam/Desktop/characterizer_planahead/dut_mb_v4lx60_template_pre_rapidsmith/hw/implementation/system_mb_plb_wrapper.ngc 1523953172
/home/adam/Desktop/characterizer_planahead/dut_mb_v4lx60_template_pre_rapidsmith/hw/implementation/system_ilmb_wrapper.ngc 1523953402
/home/adam/Desktop/characterizer_planahead/dut_mb_v4lx60_template_pre_rapidsmith/hw/implementation/system_dlmb_wrapper.ngc 1523953406
/home/adam/Desktop/characterizer_planahead/dut_mb_v4lx60_template_pre_rapidsmith/hw/implementation/system_dlmb_cntlr_wrapper.ngc 1523953194
/home/adam/Desktop/characterizer_planahead/dut_mb_v4lx60_template_pre_rapidsmith/hw/implementation/system_ilmb_cntlr_wrapper.ngc 1523953201
/home/adam/Desktop/characterizer_planahead/dut_mb_v4lx60_template_pre_rapidsmith/hw/implementation/system_lmb_bram_wrapper.ngc 1523953213
/home/adam/Desktop/characterizer_planahead/dut_mb_v4lx60_template_pre_rapidsmith/hw/implementation/system_rs232_uart_1_wrapper.ngc 1523953229
/home/adam/Desktop/characterizer_planahead/dut_mb_v4lx60_template_pre_rapidsmith/hw/implementation/system_orgate_1_wrapper.ngc 1523953240
/home/adam/Desktop/characterizer_planahead/dut_mb_v4lx60_template_pre_rapidsmith/hw/implementation/system_clock_generator_0_wrapper.ngc 1523953411
/home/adam/Desktop/characterizer_planahead/dut_mb_v4lx60_template_pre_rapidsmith/hw/implementation/system_mdm_0_wrapper.ngc 1523953258
/home/adam/Desktop/characterizer_planahead/dut_mb_v4lx60_template_pre_rapidsmith/hw/implementation/system_proc_sys_reset_0_wrapper.ngc 1523953266
/home/adam/Desktop/characterizer_planahead/dut_mb_v4lx60_template_pre_rapidsmith/hw/implementation/system_xps_timer_0_wrapper.ngc 1523953283
/home/adam/Desktop/characterizer_planahead/dut_mb_v4lx60_template_pre_rapidsmith/hw/implementation/system_xps_intc_0_wrapper.ngc 1523953416
/home/adam/Desktop/characterizer_planahead/dut_mb_v4lx60_template_pre_rapidsmith/hw/implementation/system_ring_osc_2_wrapper.ngc 1523953310
/home/adam/Desktop/characterizer_planahead/dut_mb_v4lx60_template_pre_rapidsmith/hw/implementation/system_ring_osc_1_wrapper.ngc 1523953321
/home/adam/Desktop/characterizer_planahead/dut_mb_v4lx60_template_pre_rapidsmith/hw/implementation/system_ring_osc_0_wrapper.ngc 1523953333
/home/adam/Desktop/characterizer_planahead/dut_mb_v4lx60_template_pre_rapidsmith/hw/implementation/system_ring_osc_3_wrapper.ngc 1523953344
/home/adam/Desktop/characterizer_planahead/dut_mb_v4lx60_template_pre_rapidsmith/hw/implementation/system_ring_osc_4_wrapper.ngc 1523953356
/home/adam/Desktop/characterizer_planahead/dut_mb_v4lx60_template_pre_rapidsmith/hw/implementation/system_ring_osc_5_wrapper.ngc 1523953368
/home/adam/Desktop/characterizer_planahead/dut_mb_v4lx60_template_pre_rapidsmith/hw/implementation/system_ring_osc_6_wrapper.ngc 1523953379
/home/adam/Desktop/characterizer_planahead/dut_mb_v4lx60_template_pre_rapidsmith/hw/implementation/system_ring_osc_7_wrapper.ngc 1523953391
OK
