/home/adam/RO-PUF/EDK_workspace/dut_mb_v4lx60_template_pre_rapidsmith/hw/implementation/system.ngc 1523688483
/home/adam/RO-PUF/EDK_workspace/dut_mb_v4lx60_template_pre_rapidsmith/hw/implementation/system_dut_control_core_0_wrapper.ngc 1523687713
/home/adam/RO-PUF/EDK_workspace/dut_mb_v4lx60_template_pre_rapidsmith/hw/implementation/system_microblaze_0_wrapper.ngc 1523688363
/home/adam/RO-PUF/EDK_workspace/dut_mb_v4lx60_template_pre_rapidsmith/hw/implementation/system_mb_plb_wrapper.ngc 1523688059
/home/adam/RO-PUF/EDK_workspace/dut_mb_v4lx60_template_pre_rapidsmith/hw/implementation/system_ilmb_wrapper.ngc 1523688368
/home/adam/RO-PUF/EDK_workspace/dut_mb_v4lx60_template_pre_rapidsmith/hw/implementation/system_dlmb_wrapper.ngc 1523688372
/home/adam/RO-PUF/EDK_workspace/dut_mb_v4lx60_template_pre_rapidsmith/hw/implementation/system_dlmb_cntlr_wrapper.ngc 1523688079
/home/adam/RO-PUF/EDK_workspace/dut_mb_v4lx60_template_pre_rapidsmith/hw/implementation/system_ilmb_cntlr_wrapper.ngc 1523688085
/home/adam/RO-PUF/EDK_workspace/dut_mb_v4lx60_template_pre_rapidsmith/hw/implementation/system_lmb_bram_wrapper.ngc 1523688096
/home/adam/RO-PUF/EDK_workspace/dut_mb_v4lx60_template_pre_rapidsmith/hw/implementation/system_rs232_uart_1_wrapper.ngc 1523688111
/home/adam/RO-PUF/EDK_workspace/dut_mb_v4lx60_template_pre_rapidsmith/hw/implementation/system_orgate_1_wrapper.ngc 1523688117
/home/adam/RO-PUF/EDK_workspace/dut_mb_v4lx60_template_pre_rapidsmith/hw/implementation/system_clock_generator_0_wrapper.ngc 1523688377
/home/adam/RO-PUF/EDK_workspace/dut_mb_v4lx60_template_pre_rapidsmith/hw/implementation/system_mdm_0_wrapper.ngc 1523688134
/home/adam/RO-PUF/EDK_workspace/dut_mb_v4lx60_template_pre_rapidsmith/hw/implementation/system_proc_sys_reset_0_wrapper.ngc 1523688141
/home/adam/RO-PUF/EDK_workspace/dut_mb_v4lx60_template_pre_rapidsmith/hw/implementation/system_xps_timer_0_wrapper.ngc 1523688158
/home/adam/RO-PUF/EDK_workspace/dut_mb_v4lx60_template_pre_rapidsmith/hw/implementation/system_xps_intc_0_wrapper.ngc 1523688382
/home/adam/RO-PUF/EDK_workspace/dut_mb_v4lx60_template_pre_rapidsmith/hw/implementation/system_ring_osc_0_wrapper.ngc 1523688183
/home/adam/RO-PUF/EDK_workspace/dut_mb_v4lx60_template_pre_rapidsmith/hw/implementation/system_ring_osc_1_wrapper.ngc 1523688195
/home/adam/RO-PUF/EDK_workspace/dut_mb_v4lx60_template_pre_rapidsmith/hw/implementation/system_ring_osc_2_wrapper.ngc 1523688207
/home/adam/RO-PUF/EDK_workspace/dut_mb_v4lx60_template_pre_rapidsmith/hw/implementation/system_ring_osc_3_wrapper.ngc 1523688219
/home/adam/RO-PUF/EDK_workspace/dut_mb_v4lx60_template_pre_rapidsmith/hw/implementation/system_ring_osc_4_wrapper.ngc 1523688230
/home/adam/RO-PUF/EDK_workspace/dut_mb_v4lx60_template_pre_rapidsmith/hw/implementation/system_ring_osc_5_wrapper.ngc 1523688242
/home/adam/RO-PUF/EDK_workspace/dut_mb_v4lx60_template_pre_rapidsmith/hw/implementation/system_ring_osc_6_wrapper.ngc 1523688253
/home/adam/RO-PUF/EDK_workspace/dut_mb_v4lx60_template_pre_rapidsmith/hw/implementation/system_ring_osc_7_wrapper.ngc 1523688265
/home/adam/RO-PUF/EDK_workspace/dut_mb_v4lx60_template_pre_rapidsmith/hw/implementation/system_ring_osc_8_wrapper.ngc 1523688277
/home/adam/RO-PUF/EDK_workspace/dut_mb_v4lx60_template_pre_rapidsmith/hw/implementation/system_ring_osc_9_wrapper.ngc 1523688288
/home/adam/RO-PUF/EDK_workspace/dut_mb_v4lx60_template_pre_rapidsmith/hw/implementation/system_ring_osc_10_wrapper.ngc 1523688300
/home/adam/RO-PUF/EDK_workspace/dut_mb_v4lx60_template_pre_rapidsmith/hw/implementation/system_ring_osc_11_wrapper.ngc 1523688312
/home/adam/RO-PUF/EDK_workspace/dut_mb_v4lx60_template_pre_rapidsmith/hw/implementation/system_ring_osc_12_wrapper.ngc 1523688323
/home/adam/RO-PUF/EDK_workspace/dut_mb_v4lx60_template_pre_rapidsmith/hw/implementation/system_ring_osc_13_wrapper.ngc 1523688335
/home/adam/RO-PUF/EDK_workspace/dut_mb_v4lx60_template_pre_rapidsmith/hw/implementation/system_ring_osc_14_wrapper.ngc 1523688347
/home/adam/RO-PUF/EDK_workspace/dut_mb_v4lx60_template_pre_rapidsmith/hw/implementation/system_ring_osc_15_wrapper.ngc 1523688359
