/home/adam/RO-PUF/EDK_workspace/dut_mb_v4lx60_template_pre_rapidsmith/hw/implementation/system.ngc 1523679632
/home/adam/RO-PUF/EDK_workspace/dut_mb_v4lx60_template_pre_rapidsmith/hw/implementation/system_dut_control_core_0_wrapper.ngc 1523679043
/home/adam/RO-PUF/EDK_workspace/dut_mb_v4lx60_template_pre_rapidsmith/hw/implementation/system_microblaze_0_wrapper.ngc 1523679530
/home/adam/RO-PUF/EDK_workspace/dut_mb_v4lx60_template_pre_rapidsmith/hw/implementation/system_mb_plb_wrapper.ngc 1523679389
/home/adam/RO-PUF/EDK_workspace/dut_mb_v4lx60_template_pre_rapidsmith/hw/implementation/system_ilmb_wrapper.ngc 1523679535
/home/adam/RO-PUF/EDK_workspace/dut_mb_v4lx60_template_pre_rapidsmith/hw/implementation/system_dlmb_wrapper.ngc 1523679539
/home/adam/RO-PUF/EDK_workspace/dut_mb_v4lx60_template_pre_rapidsmith/hw/implementation/system_dlmb_cntlr_wrapper.ngc 1523679409
/home/adam/RO-PUF/EDK_workspace/dut_mb_v4lx60_template_pre_rapidsmith/hw/implementation/system_ilmb_cntlr_wrapper.ngc 1523679415
/home/adam/RO-PUF/EDK_workspace/dut_mb_v4lx60_template_pre_rapidsmith/hw/implementation/system_lmb_bram_wrapper.ngc 1523679426
/home/adam/RO-PUF/EDK_workspace/dut_mb_v4lx60_template_pre_rapidsmith/hw/implementation/system_rs232_uart_1_wrapper.ngc 1523679441
/home/adam/RO-PUF/EDK_workspace/dut_mb_v4lx60_template_pre_rapidsmith/hw/implementation/system_orgate_1_wrapper.ngc 1523679448
/home/adam/RO-PUF/EDK_workspace/dut_mb_v4lx60_template_pre_rapidsmith/hw/implementation/system_clock_generator_0_wrapper.ngc 1523679544
/home/adam/RO-PUF/EDK_workspace/dut_mb_v4lx60_template_pre_rapidsmith/hw/implementation/system_mdm_0_wrapper.ngc 1523679465
/home/adam/RO-PUF/EDK_workspace/dut_mb_v4lx60_template_pre_rapidsmith/hw/implementation/system_proc_sys_reset_0_wrapper.ngc 1523679472
/home/adam/RO-PUF/EDK_workspace/dut_mb_v4lx60_template_pre_rapidsmith/hw/implementation/system_xps_timer_0_wrapper.ngc 1523679489
/home/adam/RO-PUF/EDK_workspace/dut_mb_v4lx60_template_pre_rapidsmith/hw/implementation/system_xps_intc_0_wrapper.ngc 1523679549
/home/adam/RO-PUF/EDK_workspace/dut_mb_v4lx60_template_pre_rapidsmith/hw/implementation/system_ring_osc_0_wrapper.ngc 1523679514
/home/adam/RO-PUF/EDK_workspace/dut_mb_v4lx60_template_pre_rapidsmith/hw/implementation/system_ring_osc_1_wrapper.ngc 1523679525
